map[hostname:testing instance_id:random-generated-uuid]
